// Jest Snapshot v1, https://goo.gl/fbAQLP

exports[`render dashboard component 1`] = `
<div>
  <Connect(ExpensesSummary) />
  <Connect(ExpenseList) />
</div>
`;
