// Jest Snapshot v1, https://goo.gl/fbAQLP

exports[`render ExpensePage 1`] = `
<div>
  <ExpenseForm
    onSubmit={[Function]}
  />
  <button
    onClick={[Function]}
  >
    Remove
  </button>
</div>
`;
