// Jest Snapshot v1, https://goo.gl/fbAQLP

exports[`render expense link and attributes 1`] = `
<Link
  className="list-item"
  replace={false}
  to="/edit/123"
>
  <div>
    <h3
      className="list-item__title"
    >
      bll
    </h3>
    <span
      className="list-item__sub-Title"
    >
      December 31st, 1969
    </span>
  </div>
  <h3
    className="list-item__data"
  >
    $500.00
  </h3>
</Link>
`;
