// Jest Snapshot v1, https://goo.gl/fbAQLP

exports[`renderer Help component 1`] = `
<div>
  HELP
</div>
`;
